// Jest Snapshot v1, https://goo.gl/fbAQLP

exports[`Component::ButtonsContainer should render correctly 1`] = `
<div
  className="pokemon-buttons-container"
>
  CONTENT
</div>
`;
